Starting a Gradle Daemon (subsequent builds will be faster)
> Task :app:checkKotlinGradlePluginConfigurationErrors SKIPPED
> Task :app:preBuild UP-TO-DATE
> Task :app:preDebugBuild UP-TO-DATE
> Task :app:checkDebugAarMetadata
> Task :app:generateDebugResValues
> Task :app:mapDebugSourceSetPaths
> Task :app:generateDebugResources
> Task :app:packageDebugResources
> Task :app:mergeDebugResources
> Task :app:createDebugCompatibleScreenManifests
> Task :app:extractDeepLinksDebug
> Task :app:parseDebugLocalResources
> Task :app:processDebugMainManifest
> Task :app:processDebugManifest
> Task :app:processDebugManifestForPackage
> Task :app:javaPreCompileDebug
> Task :app:preDebugUnitTestBuild UP-TO-DATE
> Task :app:javaPreCompileDebugUnitTest
> Task :app:mergeDebugShaders
> Task :app:compileDebugShaders NO-SOURCE
> Task :app:generateDebugAssets UP-TO-DATE
> Task :app:releaseNotesAsset
> Task :app:mergeDebugAssets
> Task :app:preReleaseBuild UP-TO-DATE
> Task :app:mergeReleaseJniLibFolders
> Task :app:mergeReleaseNativeLibs
> Task :app:checkReleaseDuplicateClasses
> Task :app:buildKotlinToolingMetadata

> Task :app:stripReleaseDebugSymbols
Unable to strip the following libraries, packaging them as they are: libandroidx.graphics.path.so, libdatastore_shared_counter.so.

> Task :app:checkReleaseAarMetadata
> Task :app:generateReleaseResValues
> Task :app:extractReleaseNativeSymbolTables
> Task :app:mapReleaseSourceSetPaths
> Task :app:mergeReleaseNativeDebugMetadata NO-SOURCE
> Task :app:generateReleaseResources
> Task :app:processDebugResources
> Task :app:packageDebugUnitTestForUnitTest
> Task :app:generateDebugUnitTestConfig
> Task :app:packageReleaseResources
> Task :app:createReleaseCompatibleScreenManifests
> Task :app:extractDeepLinksRelease
> Task :app:parseReleaseLocalResources
> Task :app:processReleaseMainManifest
> Task :app:processReleaseManifest
> Task :app:processReleaseManifestForPackage
> Task :app:javaPreCompileRelease
> Task :app:desugarReleaseFileDependencies
> Task :app:mergeReleaseStartupProfile
> Task :app:mergeReleaseArtProfile
> Task :app:mergeReleaseShaders
> Task :app:compileReleaseShaders NO-SOURCE
> Task :app:generateReleaseAssets UP-TO-DATE
> Task :app:mergeReleaseResources
> Task :app:mergeReleaseAssets
> Task :app:compressReleaseAssets
> Task :app:processReleaseResources
> Task :app:extractReleaseVersionControlInfo
> Task :app:extractProguardFiles
> Task :app:mergeExtDexRelease
> Task :app:collectReleaseDependencies
> Task :app:sdkReleaseDependencyData
> Task :app:validateSigningRelease
> Task :app:writeReleaseAppMetadata
> Task :app:writeReleaseSigningConfigVersions
> Task :app:optimizeReleaseResources
> Task :app:kspDebugKotlin
> Task :app:kspReleaseKotlin
> Task :app:compileDebugKotlin
> Task :app:compileReleaseKotlin
w: file:///home/runner/work/FlexNotes/FlexNotes/app/src/main/java/com/fitlens/companion/ui/CalendarScreen.kt:109:43 'val Icons.Filled.List: ImageVector' is deprecated. Use the AutoMirrored version at Icons.AutoMirrored.Filled.List.
w: file:///home/runner/work/FlexNotes/FlexNotes/app/src/main/java/com/fitlens/companion/ui/DayScreen.kt:491:39 Condition is always 'true'.
w: file:///home/runner/work/FlexNotes/FlexNotes/app/src/main/java/com/fitlens/companion/ui/DayScreen.kt:529:41 'val Icons.Filled.List: ImageVector' is deprecated. Use the AutoMirrored version at Icons.AutoMirrored.Filled.List.
w: file:///home/runner/work/FlexNotes/FlexNotes/app/src/main/java/com/fitlens/companion/ui/DayScreen.kt:544:37 'val Icons.Filled.List: ImageVector' is deprecated. Use the AutoMirrored version at Icons.AutoMirrored.Filled.List.
w: file:///home/runner/work/FlexNotes/FlexNotes/app/src/main/java/com/fitlens/companion/ui/ExerciseLibrary.kt:222:24 Condition is always 'true'.
w: file:///home/runner/work/FlexNotes/FlexNotes/app/src/main/java/com/fitlens/companion/ui/ExerciseLibrary.kt:258:42 Condition is always 'true'.
w: file:///home/runner/work/FlexNotes/FlexNotes/app/src/main/java/com/fitlens/companion/ui/ExerciseLibrary.kt:291:32 Condition is always 'true'.
w: file:///home/runner/work/FlexNotes/FlexNotes/app/src/main/java/com/fitlens/companion/ui/ExerciseLibrary.kt:1294:27 'val Icons.Filled.List: ImageVector' is deprecated. Use the AutoMirrored version at Icons.AutoMirrored.Filled.List.
w: file:///home/runner/work/FlexNotes/FlexNotes/app/src/main/java/com/fitlens/companion/ui/MeasurementSheets.kt:111:26 Condition is always 'true'.
w: file:///home/runner/work/FlexNotes/FlexNotes/app/src/main/java/com/fitlens/companion/ui/RestTimer.kt:459:28 Condition is always 'true'.
w: file:///home/runner/work/FlexNotes/FlexNotes/app/src/main/java/com/fitlens/companion/ui/RestTimer.kt:474:40 Condition is always 'true'.
w: file:///home/runner/work/FlexNotes/FlexNotes/app/src/main/java/com/fitlens/companion/ui/RestTimer.kt:509:28 Condition is always 'true'.

> Task :app:compileDebugKotlin
w: file:///home/runner/work/FlexNotes/FlexNotes/app/src/main/java/com/fitlens/companion/ui/CalendarScreen.kt:109:43 'val Icons.Filled.List: ImageVector' is deprecated. Use the AutoMirrored version at Icons.AutoMirrored.Filled.List.
w: file:///home/runner/work/FlexNotes/FlexNotes/app/src/main/java/com/fitlens/companion/ui/DayScreen.kt:491:39 Condition is always 'true'.
w: file:///home/runner/work/FlexNotes/FlexNotes/app/src/main/java/com/fitlens/companion/ui/DayScreen.kt:529:41 'val Icons.Filled.List: ImageVector' is deprecated. Use the AutoMirrored version at Icons.AutoMirrored.Filled.List.
w: file:///home/runner/work/FlexNotes/FlexNotes/app/src/main/java/com/fitlens/companion/ui/DayScreen.kt:544:37 'val Icons.Filled.List: ImageVector' is deprecated. Use the AutoMirrored version at Icons.AutoMirrored.Filled.List.
w: file:///home/runner/work/FlexNotes/FlexNotes/app/src/main/java/com/fitlens/companion/ui/ExerciseLibrary.kt:222:24 Condition is always 'true'.
w: file:///home/runner/work/FlexNotes/FlexNotes/app/src/main/java/com/fitlens/companion/ui/ExerciseLibrary.kt:258:42 Condition is always 'true'.
w: file:///home/runner/work/FlexNotes/FlexNotes/app/src/main/java/com/fitlens/companion/ui/ExerciseLibrary.kt:291:32 Condition is always 'true'.
w: file:///home/runner/work/FlexNotes/FlexNotes/app/src/main/java/com/fitlens/companion/ui/ExerciseLibrary.kt:1294:27 'val Icons.Filled.List: ImageVector' is deprecated. Use the AutoMirrored version at Icons.AutoMirrored.Filled.List.
w: file:///home/runner/work/FlexNotes/FlexNotes/app/src/main/java/com/fitlens/companion/ui/MeasurementSheets.kt:111:26 Condition is always 'true'.
w: file:///home/runner/work/FlexNotes/FlexNotes/app/src/main/java/com/fitlens/companion/ui/RestTimer.kt:459:28 Condition is always 'true'.
w: file:///home/runner/work/FlexNotes/FlexNotes/app/src/main/java/com/fitlens/companion/ui/RestTimer.kt:474:40 Condition is always 'true'.
w: file:///home/runner/work/FlexNotes/FlexNotes/app/src/main/java/com/fitlens/companion/ui/RestTimer.kt:509:28 Condition is always 'true'.

> Task :app:compileDebugJavaWithJavac
> Task :app:processDebugJavaRes
> Task :app:bundleDebugClassesToRuntimeJar
> Task :app:bundleDebugClassesToCompileJar
> Task :app:compileReleaseJavaWithJavac
> Task :app:kspDebugUnitTestKotlin
> Task :app:dexBuilderRelease
> Task :app:mergeReleaseGlobalSynthetics
> Task :app:generateReleaseLintVitalReportModel
> Task :app:processReleaseJavaRes
> Task :app:compileDebugUnitTestKotlin
> Task :app:compileDebugUnitTestJavaWithJavac NO-SOURCE
> Task :app:processDebugUnitTestJavaRes
> Task :app:mergeDexRelease
> Task :app:mergeReleaseJavaResource
> Task :app:lintVitalAnalyzeRelease
> Task :app:testDebugUnitTest
> Task :app:compileReleaseArtProfile
> Task :app:lintVitalReportRelease
> Task :app:lintVitalRelease
> Task :app:packageRelease
> Task :app:createReleaseApkListingFileRedirect
> Task :app:assembleRelease
gradle/actions: Writing build results to /home/runner/work/_temp/.gradle-actions/build-results/build-1791410284508.json

BUILD SUCCESSFUL in 2m 31s
80 actionable tasks: 80 executed
