BUILD SUCCESSFUL in 2m 31s
